[labs.robbee.id/themes/uswatoen-theme/uswatoen/index_youtube.html]
[backblue.gif]
[fade.gif]
[index.html]
[labs.robbee.id/themes/uswatoen-theme/uswatoen/assets/css/pe-icon-7-stroke.css]
[labs.robbee.id/themes/uswatoen-theme/uswatoen/assets/css/font-awesome.min.css]
[labs.robbee.id/themes/uswatoen-theme/uswatoen/assets/css/magnific-popup.css]
[labs.robbee.id/themes/uswatoen-theme/uswatoen/assets/css/owl.carousel.css]
[labs.robbee.id/themes/uswatoen-theme/uswatoen/assets/css/animate.min.css]
[labs.robbee.id/themes/uswatoen-theme/uswatoen/assets/css/jquery.mb.YTPlayer.min.css]
[labs.robbee.id/themes/uswatoen-theme/uswatoen/assets/css/themes/version-1.css]
[labs.robbee.id/themes/uswatoen-theme/uswatoen/assets/css/style.css]
[labs.robbee.id/themes/uswatoen-theme/uswatoen/assets/images/about.jpg]
[labs.robbee.id/themes/uswatoen-theme/uswatoen/assets/images/services.jpg]
[labs.robbee.id/themes/uswatoen-theme/uswatoen/assets/images/fun-fact.jpg]
[labs.robbee.id/themes/uswatoen-theme/uswatoen/assets/images/portfolio-1.jpg]
[labs.robbee.id/themes/uswatoen-theme/uswatoen/assets/images/portfolio-2.jpg]
[labs.robbee.id/themes/uswatoen-theme/uswatoen/assets/images/portfolio-3.jpg]
[labs.robbee.id/themes/uswatoen-theme/uswatoen/assets/css/bootstrap.min.css]
[labs.robbee.id/themes/uswatoen-theme/uswatoen/assets/images/portfolio-4.jpg]
[labs.robbee.id/themes/uswatoen-theme/uswatoen/assets/images/portfolio-5.jpg]
[labs.robbee.id/themes/uswatoen-theme/uswatoen/assets/images/portfolio-6.jpg]
[labs.robbee.id/themes/uswatoen-theme/uswatoen/assets/images/hire.jpg]
[labs.robbee.id/themes/uswatoen-theme/uswatoen/assets/images/blog-1.jpg]
[labs.robbee.id/themes/uswatoen-theme/uswatoen/assets/images/blog-2.jpg]
[labs.robbee.id/themes/uswatoen-theme/uswatoen/blog.html]
[labs.robbee.id/themes/uswatoen-theme/uswatoen/assets/images/testimonial.jpg]
[labs.robbee.id/themes/uswatoen-theme/uswatoen/assets/images/man.jpg]
[labs.robbee.id/themes/uswatoen-theme/uswatoen/assets/js/jquery-2.1.3.min.js]
[labs.robbee.id/themes/uswatoen-theme/uswatoen/assets/js/waypoints.min.js]
[labs.robbee.id/themes/uswatoen-theme/uswatoen/assets/js/validator.min.js]
[labs.robbee.id/themes/uswatoen-theme/uswatoen/assets/js/typed.js]
[labs.robbee.id/themes/uswatoen-theme/uswatoen/assets/js/jquery.counterup.min.js]
[labs.robbee.id/themes/uswatoen-theme/uswatoen/assets/js/owl.carousel.min.js]
[labs.robbee.id/themes/uswatoen-theme/uswatoen/assets/js/jquery.stellar.min.js]
[labs.robbee.id/themes/uswatoen-theme/uswatoen/assets/js/imagesloaded.pkgd.min.js]
[labs.robbee.id/themes/uswatoen-theme/uswatoen/assets/js/masonry.pkgd.min.js]
[labs.robbee.id/themes/uswatoen-theme/uswatoen/assets/js/jquery.isotope.min.js]
[labs.robbee.id/themes/uswatoen-theme/uswatoen/assets/js/jquery.isotope.sloppy-masonry.min.js]
[labs.robbee.id/themes/uswatoen-theme/uswatoen/assets/js/jquery.magnific-popup.min.js]
[labs.robbee.id/themes/uswatoen-theme/uswatoen/assets/js/wow.min.js]
[labs.robbee.id/themes/uswatoen-theme/uswatoen/index_youtube.html]
[labs.robbee.id/themes/uswatoen-theme/uswatoen/assets/fonts/Pe-icon-7-strokebb1d.eot]
[labs.robbee.id/themes/uswatoen-theme/uswatoen/assets/js/script.js]
[labs.robbee.id/themes/uswatoen-theme/uswatoen/assets/fonts/Pe-icon-7-stroked41d.eot]
[labs.robbee.id/themes/uswatoen-theme/uswatoen/assets/fonts/Pe-icon-7-strokebb1d.woff]
[labs.robbee.id/themes/uswatoen-theme/uswatoen/assets/fonts/Pe-icon-7-strokebb1d.ttf]
[labs.robbee.id/themes/uswatoen-theme/uswatoen/assets/css/pe-icon-7-stroke.css]
[labs.robbee.id/themes/uswatoen-theme/uswatoen/assets/fonts/fontawesome-webfonte0a5.eot]
[labs.robbee.id/themes/uswatoen-theme/uswatoen/assets/fonts/fontawesome-webfontd41d.eot]
[labs.robbee.id/themes/uswatoen-theme/uswatoen/assets/fonts/fontawesome-webfonte0a5.woff2]
[labs.robbee.id/themes/uswatoen-theme/uswatoen/assets/fonts/fontawesome-webfonte0a5.woff]
[labs.robbee.id/themes/uswatoen-theme/uswatoen/assets/fonts/Pe-icon-7-strokebb1d.svg]
[labs.robbee.id/themes/uswatoen-theme/uswatoen/assets/fonts/fontawesome-webfonte0a5.ttf]
[labs.robbee.id/themes/uswatoen-theme/uswatoen/assets/css/font-awesome.min.css]
[labs.robbee.id/themes/uswatoen-theme/uswatoen/assets/css/bootstrap.min.css]
[labs.robbee.id/themes/uswatoen-theme/uswatoen/assets/css/magnific-popup.css]
[labs.robbee.id/themes/uswatoen-theme/uswatoen/assets/css/owl.carousel.css]
[labs.robbee.id/themes/uswatoen-theme/uswatoen/assets/css/jquery.mb.YTPlayer.min.css]
[labs.robbee.id/themes/uswatoen-theme/uswatoen/assets/css/animate.min.css]
[labs.robbee.id/themes/uswatoen-theme/uswatoen/assets/fonts/Windsong.ttf]
[labs.robbee.id/themes/uswatoen-theme/uswatoen/assets/css/style.css]
[labs.robbee.id/themes/uswatoen-theme/uswatoen/assets/css/themes/version-1.css]
[labs.robbee.id/themes/uswatoen-theme/uswatoen/assets/images/about.jpg]
[labs.robbee.id/themes/uswatoen-theme/uswatoen/assets/images/services.jpg]
[labs.robbee.id/themes/uswatoen-theme/uswatoen/assets/fonts/fontawesome-webfonte0a5.svg]
[labs.robbee.id/themes/uswatoen-theme/uswatoen/assets/images/portfolio-1.jpg]
[labs.robbee.id/themes/uswatoen-theme/uswatoen/assets/images/portfolio-4.jpg]
[labs.robbee.id/themes/uswatoen-theme/uswatoen/assets/images/blog-1.jpg]
[labs.robbee.id/themes/uswatoen-theme/uswatoen/assets/images/blog-3.jpeg]
[labs.robbee.id/themes/uswatoen-theme/uswatoen/index.html]
[labs.robbee.id/themes/uswatoen-theme/uswatoen/assets/images/page-title.jpg]
[labs.robbee.id/themes/uswatoen-theme/uswatoen/single-blog.html]
[labs.robbee.id/themes/uswatoen-theme/uswatoen/assets/images/blog-4.jpg]
[labs.robbee.id/themes/uswatoen-theme/uswatoen/assets/images/blog-5.jpg]
[labs.robbee.id/themes/uswatoen-theme/uswatoen/assets/images/blog-6.jpg]
[labs.robbee.id/themes/uswatoen-theme/uswatoen/blog.html]
[labs.robbee.id/themes/uswatoen-theme/uswatoen/assets/js/bootstrap.min.js]
[labs.robbee.id/themes/uswatoen-theme/uswatoen/assets/fonts/Pe-icon-7-stroked41d.eot]
[labs.robbee.id/themes/uswatoen-theme/uswatoen/assets/js/jquery.mb.YTPlayer.min.js]
[labs.robbee.id/themes/uswatoen-theme/uswatoen/assets/fonts/Pe-icon-7-strokebb1d.svg]
[labs.robbee.id/themes/uswatoen-theme/uswatoen/assets/fonts/fontawesome-webfonte0a5.eot]
[labs.robbee.id/themes/uswatoen-theme/uswatoen/assets/fonts/fontawesome-webfonte0a5.svg]
[labs.robbee.id/themes/uswatoen-theme/uswatoen/assets/fonts/glyphicons-halflings-regular.html]
[labs.robbee.id/themes/uswatoen-theme/uswatoen/assets/fonts/glyphicons-halflings-regulard41dd41d.html]
[labs.robbee.id/themes/uswatoen-theme/uswatoen/assets/fonts/glyphicons-halflings-regular-2.html]
[labs.robbee.id/themes/uswatoen-theme/uswatoen/assets/fonts/glyphicons-halflings-regular-3.html]
[labs.robbee.id/themes/uswatoen-theme/uswatoen/assets/fonts/glyphicons-halflings-regular-4.html]
[labs.robbee.id/themes/uswatoen-theme/uswatoen/assets/fonts/glyphicons-halflings-regular-5.html]
[labs.robbee.id/themes/uswatoen-theme/uswatoen/assets/css/owl.video.play.html]
[labs.robbee.id/themes/uswatoen-theme/uswatoen/assets/css/font/ytp-regular.html]
[labs.robbee.id/themes/uswatoen-theme/uswatoen/assets/images/intro.jpg]
[labs.robbee.id/themes/uswatoen-theme/uswatoen/index.html]
[labs.robbee.id/themes/uswatoen-theme/uswatoen/assets/images/single.jpg]
[labs.robbee.id/themes/uswatoen-theme/uswatoen/single-blog.html]
